// Jest Snapshot v1, https://goo.gl/fbAQLP

exports[`expect to render App component 1`] = `ShallowWrapper {}`;

exports[`expect to render CardList component 1`] = `ShallowWrapper {}`;
